<div class="rspec-html-messages"> <div> <div class="alert alert-warning" role="alert"> The test did not pass. </div> </div> <div class="mt-3"> <div class="card"> <div class="card-header bg-danger text-bg-danger"> <h5 class="h6 mb-0">Error in code</h5> </div> <div class="card-body"> <pre class="text-danger fs-6 error-message mb-0"><code class="fw-bold">Something went wrong <span class="text-body fw-normal">RuntimeError on line 0 of /Users/test/project/lib/file0.rb in &#39;method0&#39;</span></code></pre> </div> </div> </div> </div>